error: Only "ok" or "error" are accepted as result values
 --> tests/error_labels/fail/wrong_variant.rs:8:22
  |
8 |     #[label(result = "not ok")]
  |                      ^^^^^^^^
