error: Only `label(result = "RES")` (RES can be "ok" or "error") is supported
  --> tests/error_labels/fail/wrong_kv_attribute.rs:11:7
   |
11 |     #[label = "error"]
   |       ^^^^^^^^^^^^^^^
